[    0.000000] Linux version 4.15.0-129-generic (buildd@lcy01-amd64-017) (gcc version 7.5.0 (Ubuntu 7.5.0-3ubuntu1~18.04)) #132-Ubuntu SMP Thu Dec 10 14:02:26 UTC 2020 (Ubuntu 4.15.0-129.132-generic 4.15.18)
[    0.000000] Command line: BOOT_IMAGE=/boot/vmlinuz-4.15.0-129-generic root=LABEL=cloudimg-rootfs ro console=tty1 console=ttyS0
[    0.000000] KERNEL supported cpus:
[    0.000000]   Intel GenuineIntel
[    0.000000]   AMD AuthenticAMD
[    0.000000]   Centaur CentaurHauls
[    0.000000] x86/fpu: Supporting XSAVE feature 0x001: 'x87 floating point registers'
[    0.000000] x86/fpu: Supporting XSAVE feature 0x002: 'SSE registers'
[    0.000000] x86/fpu: Supporting XSAVE feature 0x004: 'AVX registers'
[    0.000000] x86/fpu: xstate_offset[2]:  576, xstate_sizes[2]:  256
[    0.000000] x86/fpu: Enabled xstate features 0x7, context size is 832 bytes, using 'standard' format.
[    0.000000] e820: BIOS-provided physical RAM map:
[    0.000000] BIOS-e820: [mem 0x0000000000000000-0x000000000009fbff] usable
[    0.000000] BIOS-e820: [mem 0x000000000009fc00-0x000000000009ffff] reserved
[    0.000000] BIOS-e820: [mem 0x00000000000f0000-0x00000000000fffff] reserved
[    0.000000] BIOS-e820: [mem 0x0000000000100000-0x000000003ffeffff] usable
[    0.000000] BIOS-e820: [mem 0x000000003fff0000-0x000000003fffffff] ACPI data
[    0.000000] BIOS-e820: [mem 0x00000000fec00000-0x00000000fec00fff] reserved
[    0.000000] BIOS-e820: [mem 0x00000000fee00000-0x00000000fee00fff] reserved
[    0.000000] BIOS-e820: [mem 0x00000000fffc0000-0x00000000ffffffff] reserved
[    0.000000] NX (Execute Disable) protection: active
[    0.000000] SMBIOS 2.5 present.
[    0.000000] DMI: innotek GmbH VirtualBox/VirtualBox, BIOS VirtualBox 12/01/2006
[    0.000000] Hypervisor detected: KVM
[    0.000000] e820: last_pfn = 0x3fff0 max_arch_pfn = 0x400000000
[    0.000000] MTRR: Disabled
[    0.000000] x86/PAT: MTRRs disabled, skipping PAT initialization too.
[    0.000000] CPU MTRRs all blank - virtualized system.
[    0.000000] x86/PAT: Configuration [0-7]: WB  WT  UC- UC  WB  WT  UC- UC  
[    0.000000] found SMP MP-table at [mem 0x0009fff0-0x0009ffff]
[    0.000000] Scanning 1 areas for low memory corruption
[    0.000000] RAMDISK: [mem 0x35a63000-0x36d28fff]
[    0.000000] ACPI: Early table checksum verification disabled
[    0.000000] ACPI: RSDP 0x00000000000E0000 000024 (v02 VBOX  )
[    0.000000] ACPI: XSDT 0x000000003FFF0030 00003C (v01 VBOX   VBOXXSDT 00000001 ASL  00000061)
[    0.000000] ACPI: FACP 0x000000003FFF00F0 0000F4 (v04 VBOX   VBOXFACP 00000001 ASL  00000061)
[    0.000000] ACPI: DSDT 0x000000003FFF0470 002325 (v02 VBOX   VBOXBIOS 00000002 INTL 20190509)
[    0.000000] ACPI: FACS 0x000000003FFF0200 000040
[    0.000000] ACPI: FACS 0x000000003FFF0200 000040
[    0.000000] ACPI: APIC 0x000000003FFF0240 00005C (v02 VBOX   VBOXAPIC 00000001 ASL  00000061)
[    0.000000] ACPI: SSDT 0x000000003FFF02A0 0001CC (v01 VBOX   VBOXCPUT 00000002 INTL 20190509)
[    0.000000] No NUMA configuration found
[    0.000000] Faking a node at [mem 0x0000000000000000-0x000000003ffeffff]
[    0.000000] NODE_DATA(0) allocated [mem 0x3ffc5000-0x3ffeffff]
[    0.000000] kvm-clock: cpu 0, msr 0:3ff44001, primary cpu clock
[    0.000000] kvm-clock: Using msrs 4b564d01 and 4b564d00
[    0.000000] kvm-clock: using sched offset of 3378174078 cycles
[    0.000000] clocksource: kvm-clock: mask: 0xffffffffffffffff max_cycles: 0x1cd42e4dffb, max_idle_ns: 881590591483 ns
[    0.000000] Zone ranges:
[    0.000000]   DMA      [mem 0x0000000000001000-0x0000000000ffffff]
[    0.000000]   DMA32    [mem 0x0000000001000000-0x000000003ffeffff]
[    0.000000]   Normal   empty
[    0.000000]   Device   empty
[    0.000000] Movable zone start for each node
[    0.000000] Early memory node ranges
[    0.000000]   node   0: [mem 0x0000000000001000-0x000000000009efff]
[    0.000000]   node   0: [mem 0x0000000000100000-0x000000003ffeffff]
[    0.000000] Reserved but unavailable: 98 pages
[    0.000000] Initmem setup node 0 [mem 0x0000000000001000-0x000000003ffeffff]
[    0.000000] ACPI: PM-Timer IO Port: 0x4008
[    0.000000] IOAPIC[0]: apic_id 2, version 32, address 0xfec00000, GSI 0-23
[    0.000000] ACPI: INT_SRC_OVR (bus 0 bus_irq 0 global_irq 2 dfl dfl)
[    0.000000] ACPI: INT_SRC_OVR (bus 0 bus_irq 9 global_irq 9 low level)
[    0.000000] Using ACPI (MADT) for SMP configuration information
[    0.000000] smpboot: Allowing 2 CPUs, 0 hotplug CPUs
[    0.000000] PM: Registered nosave memory: [mem 0x00000000-0x00000fff]
[    0.000000] PM: Registered nosave memory: [mem 0x0009f000-0x0009ffff]
[    0.000000] PM: Registered nosave memory: [mem 0x000a0000-0x000effff]
[    0.000000] PM: Registered nosave memory: [mem 0x000f0000-0x000fffff]
[    0.000000] e820: [mem 0x40000000-0xfebfffff] available for PCI devices
[    0.000000] Booting paravirtualized kernel on KVM
[    0.000000] clocksource: refined-jiffies: mask: 0xffffffff max_cycles: 0xffffffff, max_idle_ns: 7645519600211568 ns
[    0.000000] random: get_random_bytes called from start_kernel+0x99/0x500 with crng_init=0
[    0.000000] setup_percpu: NR_CPUS:8192 nr_cpumask_bits:2 nr_cpu_ids:2 nr_node_ids:1
[    0.000000] percpu: Embedded 45 pages/cpu s147456 r8192 d28672 u1048576
[    0.000000] PV qspinlock hash table entries: 256 (order: 0, 4096 bytes)
[    0.000000] Built 1 zonelists, mobility grouping on.  Total pages: 257913
[    0.000000] Policy zone: DMA32
[    0.000000] Kernel command line: BOOT_IMAGE=/boot/vmlinuz-4.15.0-129-generic root=LABEL=cloudimg-rootfs ro console=tty1 console=ttyS0
[    0.000000] Memory: 983020K/1048120K available (12300K kernel code, 2482K rwdata, 4276K rodata, 2440K init, 2724K bss, 65100K reserved, 0K cma-reserved)
[    0.000000] SLUB: HWalign=64, Order=0-3, MinObjects=0, CPUs=2, Nodes=1
[    0.000000] Kernel/User page tables isolation: enabled
[    0.000000] ftrace: allocating 39421 entries in 154 pages
[    0.004000] Hierarchical RCU implementation.
[    0.004000] 	RCU restricting CPUs from NR_CPUS=8192 to nr_cpu_ids=2.
[    0.004000] 	Tasks RCU enabled.
[    0.004000] RCU: Adjusting geometry for rcu_fanout_leaf=16, nr_cpu_ids=2
[    0.004000] NR_IRQS: 524544, nr_irqs: 440, preallocated irqs: 16
[    0.004000] Console: colour VGA+ 80x25
[    0.004000] console [tty1] enabled
[    0.004000] console [ttyS0] enabled
[    0.004000] ACPI: Core revision 20170831
[    0.004000] ACPI: 2 ACPI AML tables successfully acquired and loaded
[    0.004000] APIC: Switch to symmetric I/O mode setup
[    0.004000] x2apic enabled
[    0.004000] Switched APIC routing to physical x2apic.
[    0.004000] ..TIMER: vector=0x30 apic1=0 pin1=2 apic2=-1 pin2=-1
[    0.004000] tsc: Detected 1800.009 MHz processor
[    0.004011] Calibrating delay loop (skipped) preset value.. 3600.01 BogoMIPS (lpj=7200036)
[    0.004980] pid_max: default: 32768 minimum: 301
[    0.005578] Security Framework initialized
[    0.006096] Yama: becoming mindful.
[    0.006576] AppArmor: AppArmor initialized
[    0.007855] Dentry cache hash table entries: 131072 (order: 8, 1048576 bytes)
[    0.008084] Inode-cache hash table entries: 65536 (order: 7, 524288 bytes)
[    0.008918] Mount-cache hash table entries: 2048 (order: 2, 16384 bytes)
[    0.009712] Mountpoint-cache hash table entries: 2048 (order: 2, 16384 bytes)
[    0.010785] Last level iTLB entries: 4KB 64, 2MB 8, 4MB 8
[    0.012002] Last level dTLB entries: 4KB 64, 2MB 0, 4MB 0, 1GB 4
[    0.012805] Spectre V1 : Mitigation: usercopy/swapgs barriers and __user pointer sanitization
[    0.013815] Spectre V2 : Mitigation: Full generic retpoline
[    0.014486] Spectre V2 : Spectre v2 / SpectreRSB mitigation: Filling RSB on context switch
[    0.015470] Speculative Store Bypass: Vulnerable
[    0.016040] SRBDS: Unknown: Dependent on hypervisor status
[    0.016706] MDS: Mitigation: Clear CPU buffers
[    0.017450] Freeing SMP alternatives memory: 36K
[    0.128408] smpboot: CPU0: Intel(R) Core(TM) i5-8265U CPU @ 1.60GHz (family: 0x6, model: 0x8e, stepping: 0xb)
[    0.129832] Performance Events: unsupported p6 CPU model 142 no PMU driver, software events only.
[    0.130937] Hierarchical SRCU implementation.
[    0.132000] NMI watchdog: Perf event create on CPU 0 failed with -2
[    0.132003] NMI watchdog: Perf NMI watchdog permanently disabled
[    0.132760] smp: Bringing up secondary CPUs ...
[    0.133388] x86: Booting SMP configuration:
[    0.133922] .... node  #0, CPUs:      #1
[    0.004000] kvm-clock: cpu 1, msr 0:3ff44041, secondary cpu clock
[    0.136020] smp: Brought up 1 node, 2 CPUs
[    0.136629] smpboot: Max logical packages: 1
[    0.137168] smpboot: Total of 2 processors activated (7200.03 BogoMIPS)
[    0.138136] devtmpfs: initialized
[    0.140053] x86/mm: Memory block size: 128MB
[    0.140703] evm: security.selinux
[    0.141158] evm: security.SMACK64
[    0.141604] evm: security.SMACK64EXEC
[    0.142103] evm: security.SMACK64TRANSMUTE
[    0.142620] evm: security.SMACK64MMAP
[    0.143096] evm: security.apparmor
[    0.143548] evm: security.ima
[    0.144002] evm: security.capability
[    0.144502] clocksource: jiffies: mask: 0xffffffff max_cycles: 0xffffffff, max_idle_ns: 7645041785100000 ns
[    0.145306] futex hash table entries: 512 (order: 3, 32768 bytes)
[    0.146609] pinctrl core: initialized pinctrl subsystem
[    0.148105] RTC time:  7:44:46, date: 01/09/21
[    0.148823] NET: Registered protocol family 16
[    0.149438] audit: initializing netlink subsys (disabled)
[    0.150112] audit: type=2000 audit(1610178291.807:1): state=initialized audit_enabled=0 res=1
[    0.150112] cpuidle: using governor ladder
[    0.150112] cpuidle: using governor menu
[    0.152046] ACPI: bus type PCI registered
[    0.152556] acpiphp: ACPI Hot Plug PCI Controller Driver version: 0.5
[    0.153389] PCI: Using configuration type 1 for base access
[    0.154094] HugeTLB registered 2.00 MiB page size, pre-allocated 0 pages
[    0.156082] ACPI: Added _OSI(Module Device)
[    0.156612] ACPI: Added _OSI(Processor Device)
[    0.157165] ACPI: Added _OSI(3.0 _SCP Extensions)
[    0.157747] ACPI: Added _OSI(Processor Aggregator Device)
[    0.158440] ACPI: Added _OSI(Linux-Dell-Video)
[    0.158991] ACPI: Added _OSI(Linux-Lenovo-NV-HDMI-Audio)
[    0.160003] ACPI: Added _OSI(Linux-HPI-Hybrid-Graphics)
[    0.160869] ACPI: Executed 1 blocks of module-level executable AML code
[    0.164374] ACPI: Interpreter enabled
[    0.164891] ACPI: (supports S0 S5)
[    0.165356] ACPI: Using IOAPIC for interrupt routing
[    0.166147] PCI: Using host bridge windows from ACPI; if necessary, use "pci=nocrs" and report a bug
[    0.167390] ACPI: Enabled 2 GPEs in block 00 to 07
[    0.172489] ACPI: PCI Root Bridge [PCI0] (domain 0000 [bus 00-ff])
[    0.173266] acpi PNP0A03:00: _OSC: OS supports [ASPM ClockPM Segments MSI]
[    0.174426] acpi PNP0A03:00: _OSC: not requesting OS control; OS requires [ExtendedConfig ASPM ClockPM MSI]
[    0.175586] acpi PNP0A03:00: fail to add MMCONFIG information, can't access extended PCI configuration space under this bridge.
[    0.176293] PCI host bridge to bus 0000:00
[    0.176799] pci_bus 0000:00: root bus resource [io  0x0000-0x0cf7 window]
[    0.177584] pci_bus 0000:00: root bus resource [io  0x0d00-0xffff window]
[    0.178390] pci_bus 0000:00: root bus resource [mem 0x000a0000-0x000bffff window]
[    0.180002] pci_bus 0000:00: root bus resource [mem 0x40000000-0xfdffffff window]
[    0.180912] pci_bus 0000:00: root bus resource [bus 00-ff]
[    0.182990] pci 0000:00:01.1: legacy IDE quirk: reg 0x10: [io  0x01f0-0x01f7]
[    0.184004] pci 0000:00:01.1: legacy IDE quirk: reg 0x14: [io  0x03f6]
[    0.184811] pci 0000:00:01.1: legacy IDE quirk: reg 0x18: [io  0x0170-0x0177]
[    0.186253] pci 0000:00:01.1: legacy IDE quirk: reg 0x1c: [io  0x0376]
[    0.196750] pci 0000:00:07.0: quirk: [io  0x4000-0x403f] claimed by PIIX4 ACPI
[    0.197820] pci 0000:00:07.0: quirk: [io  0x4100-0x410f] claimed by PIIX4 SMB
[    0.202627] ACPI: PCI Interrupt Link [LNKA] (IRQs 5 9 10 *11)
[    0.203760] ACPI: PCI Interrupt Link [LNKB] (IRQs 5 9 *10 11)
[    0.204090] ACPI: PCI Interrupt Link [LNKC] (IRQs 5 *9 10 11)
[    0.204901] ACPI: PCI Interrupt Link [LNKD] (IRQs 5 9 10 *11)
[    0.205890] SCSI subsystem initialized
[    0.206400] pci 0000:00:02.0: vgaarb: setting as boot VGA device
[    0.206400] pci 0000:00:02.0: vgaarb: VGA device added: decodes=io+mem,owns=io+mem,locks=none
[    0.208009] pci 0000:00:02.0: vgaarb: bridge control possible
[    0.208694] vgaarb: loaded
[    0.209084] ACPI: bus type USB registered
[    0.209634] usbcore: registered new interface driver usbfs
[    0.210344] usbcore: registered new interface driver hub
[    0.212024] usbcore: registered new device driver usb
[    0.212686] EDAC MC: Ver: 3.0.0
[    0.212686] PCI: Using ACPI for IRQ routing
[    0.212815] NetLabel: Initializing
[    0.213329] NetLabel:  domain hash size = 128
[    0.213897] NetLabel:  protocols = UNLABELED CIPSOv4 CALIPSO
[    0.216022] NetLabel:  unlabeled traffic allowed by default
[    0.216719] clocksource: Switched to clocksource kvm-clock
[    0.225731] VFS: Disk quotas dquot_6.6.0
[    0.226303] VFS: Dquot-cache hash table entries: 512 (order 0, 4096 bytes)
[    0.227206] AppArmor: AppArmor Filesystem Enabled
[    0.227822] pnp: PnP ACPI init
[    0.229068] pnp: PnP ACPI: found 3 devices
[    0.237353] clocksource: acpi_pm: mask: 0xffffff max_cycles: 0xffffff, max_idle_ns: 2085701024 ns
[    0.238589] NET: Registered protocol family 2
[    0.239339] TCP established hash table entries: 8192 (order: 4, 65536 bytes)
[    0.240227] TCP bind hash table entries: 8192 (order: 5, 131072 bytes)
[    0.241523] TCP: Hash tables configured (established 8192 bind 8192)
[    0.242364] UDP hash table entries: 512 (order: 2, 16384 bytes)
[    0.243116] UDP-Lite hash table entries: 512 (order: 2, 16384 bytes)
[    0.243927] NET: Registered protocol family 1
[    0.244542] pci 0000:00:00.0: Limiting direct PCI/PCI transfers
[    0.245283] pci 0000:00:01.0: Activating ISA DMA hang workarounds
[    0.246032] pci 0000:00:02.0: Video device with shadowed ROM at [mem 0x000c0000-0x000dffff]
[    0.247105] Unpacking initramfs...
[    0.465675] Freeing initrd memory: 19224K
[    0.466531] clocksource: tsc: mask: 0xffffffffffffffff max_cycles: 0x19f23209bc1, max_idle_ns: 440795220317 ns
[    0.467794] platform rtc_cmos: registered platform RTC device (no PNP device found)
[    0.468869] Scanning for low memory corruption every 60 seconds
[    0.470176] Initialise system trusted keyrings
[    0.470803] Key type blacklist registered
[    0.471458] workingset: timestamp_bits=36 max_order=18 bucket_order=0
[    0.473129] zbud: loaded
[    0.473967] squashfs: version 4.0 (2009/01/31) Phillip Lougher
[    0.475014] fuse init (API version 7.26)
[    0.477214] Key type asymmetric registered
[    0.477736] Asymmetric key parser 'x509' registered
[    0.478369] Block layer SCSI generic (bsg) driver version 0.4 loaded (major 246)
[    0.479326] io scheduler noop registered
[    0.479814] io scheduler deadline registered
[    0.480447] io scheduler cfq registered (default)
[    0.481335] ACPI: AC Adapter [AC] (off-line)
[    0.481907] input: Power Button as /devices/LNXSYSTM:00/LNXPWRBN:00/input/input0
[    0.482936] ACPI: Power Button [PWRF]
[    0.483531] input: Sleep Button as /devices/LNXSYSTM:00/LNXSLPBN:00/input/input1
[    0.484529] ACPI: Sleep Button [SLPF]
[    0.485929] ACPI: Battery Slot [BAT0] (battery present)
[    0.486859] Serial: 8250/16550 driver, 32 ports, IRQ sharing enabled
[    0.508316] 00:02: ttyS0 at I/O 0x3f8 (irq = 4, base_baud = 115200) is a 16550A
[    0.511286] Linux agpgart interface v0.103
[    0.513081] loop: module loaded
[    0.513963] scsi host0: ata_piix
[    0.514507] scsi host1: ata_piix
[    0.514959] ata1: PATA max UDMA/33 cmd 0x1f0 ctl 0x3f6 bmdma 0xd000 irq 14
[    0.515769] ata2: PATA max UDMA/33 cmd 0x170 ctl 0x376 bmdma 0xd008 irq 15
[    0.516677] libphy: Fixed MDIO Bus: probed
[    0.517211] tun: Universal TUN/TAP device driver, 1.6
[    0.517885] PPP generic driver version 2.4.2
[    0.518536] ehci_hcd: USB 2.0 'Enhanced' Host Controller (EHCI) Driver
[    0.519318] ehci-pci: EHCI PCI platform driver
[    0.519922] ehci-platform: EHCI generic platform driver
[    0.520636] ohci_hcd: USB 1.1 'Open' Host Controller (OHCI) Driver
[    0.521389] ohci-pci: OHCI PCI platform driver
[    0.522016] ohci-platform: OHCI generic platform driver
[    0.522704] uhci_hcd: USB Universal Host Controller Interface driver
[    0.523497] i8042: PNP: PS/2 Controller [PNP0303:PS2K,PNP0f03:PS2M] at 0x60,0x64 irq 1,12
[    0.524916] serio: i8042 KBD port at 0x60,0x64 irq 1
[    0.525674] serio: i8042 AUX port at 0x60,0x64 irq 12
[    0.526558] mousedev: PS/2 mouse device common for all mice
[    0.527716] input: AT Translated Set 2 keyboard as /devices/platform/i8042/serio0/input/input2
[    0.528861] rtc_cmos rtc_cmos: rtc core: registered rtc_cmos as rtc0
[    0.529742] rtc_cmos rtc_cmos: alarms up to one day, 114 bytes nvram
[    0.530527] i2c /dev entries driver
[    0.531060] device-mapper: uevent: version 1.0.3
[    0.531700] device-mapper: ioctl: 4.37.0-ioctl (2017-09-20) initialised: dm-devel@redhat.com
[    0.532767] ledtrig-cpu: registered to indicate activity on CPUs
[    0.533746] NET: Registered protocol family 10
[    0.538038] Segment Routing with IPv6
[    0.538652] NET: Registered protocol family 17
[    0.539304] Key type dns_resolver registered
[    0.540103] mce: Using 0 MCE banks
[    0.540570] RAS: Correctable Errors collector initialized.
[    0.541226] sched_clock: Marking stable (540074203, 0)->(649429069, -109354866)
[    0.542469] registered taskstats version 1
[    0.543034] Loading compiled-in X.509 certificates
[    0.545908] Loaded X.509 cert 'Build time autogenerated kernel key: c0b12e93431a85da2633d00ac393f61630080db8'
[    0.547122] zswap: loaded using pool lzo/zbud
[    0.550947] Key type big_key registered
[    0.551518] Key type trusted registered
[    0.553842] Key type encrypted registered
[    0.554555] AppArmor: AppArmor sha1 policy hashing enabled
[    0.555427] ima: No TPM chip found, activating TPM-bypass! (rc=-19)
[    0.556465] ima: Allocated hash algorithm: sha1
[    0.557144] evm: HMAC attrs: 0x1
[    0.557728]   Magic number: 5:70:723
[    0.558213] block loop3: hash matches
[    0.558907] rtc_cmos rtc_cmos: setting system clock to 2021-01-09 07:44:47 UTC (1610178287)
[    0.560013] BIOS EDD facility v0.16 2004-Jun-25, 0 devices found
[    0.560735] EDD information not available.
[    0.709243] Freeing unused kernel image memory: 2440K
[    1.406131] Write protecting the kernel read-only data: 20480k
[    1.411379] Freeing unused kernel image memory: 2008K
[    1.413161] Freeing unused kernel image memory: 1868K
[    1.423975] x86/mm: Checked W+X mappings: passed, no W+X pages found.
[    1.425201] x86/mm: Checking user space page tables
[    1.432648] x86/mm: Checked W+X mappings: passed, no W+X pages found.
Loading, please wait...
starting version 237
[    1.491887] e1000: Intel(R) PRO/1000 Network Driver - version 7.3.21-k8-NAPI
[    1.492887] e1000: Copyright (c) 1999-2006 Intel Corporation.
[    1.500586] Fusion MPT base driver 3.04.20
[    1.501197] Copyright (c) 1999-2008 LSI Corporation
[    1.510029] AVX2 version of gcm_enc/dec engaged.
[    1.510900] AES CTR mode by8 optimization enabled
[    1.513571] Fusion MPT SPI Host driver 3.04.20
[    1.701952] input: ImExPS/2 Generic Explorer Mouse as /devices/platform/i8042/serio1/input/input4
[    2.356635] e1000 0000:00:03.0 eth0: (PCI:33MHz:32-bit) 02:aa:88:9b:9c:f1
[    2.358101] e1000 0000:00:03.0 eth0: Intel(R) PRO/1000 Network Connection
[    2.361601] e1000 0000:00:03.0 enp0s3: renamed from eth0
[    2.362940] mptbase: ioc0: Initiating bringup
[    3.504027] ioc0: LSI53C1030 A0: Capabilities={Initiator}
[    6.605980] scsi host2: ioc0: LSI53C1030 A0, FwRev=00000000h, Ports=1, MaxQ=256, IRQ=20
[    8.473413] scsi 2:0:0:0: Direct-Access     VBOX     HARDDISK         1.0  PQ: 0 ANSI: 5
[    8.508084] scsi target2:0:0: Beginning Domain Validation
[    8.510528] scsi target2:0:0: Domain Validation skipping write tests
[    8.511448] scsi target2:0:0: Ending Domain Validation
[    8.512328] scsi target2:0:0: asynchronous
[    8.513616] scsi 2:0:1:0: Direct-Access     VBOX     HARDDISK         1.0  PQ: 0 ANSI: 5
[    8.547044] scsi target2:0:1: Beginning Domain Validation
[    8.548988] random: fast init done
[    8.549846] scsi target2:0:1: Domain Validation skipping write tests
[    8.550681] scsi target2:0:1: Ending Domain Validation
[    8.551430] scsi target2:0:1: asynchronous
[    8.555072] random: systemd-udevd: uninitialized urandom read (16 bytes read)
[    8.556046] random: systemd-udevd: uninitialized urandom read (16 bytes read)
[    8.557071] random: systemd-udevd: uninitialized urandom read (16 bytes read)
[    8.558533] sd 2:0:0:0: Attached scsi generic sg0 type 0
[    8.559266] sd 2:0:0:0: [sda] 20971520 512-byte logical blocks: (10.7 GB/10.0 GiB)
[    8.560404] sd 2:0:0:0: [sda] Write Protect is off
[    8.561274] sd 2:0:0:0: [sda] Incomplete mode parameter data
[    8.562035] sd 2:0:0:0: [sda] Assuming drive cache: write through
[    8.563434] sd 2:0:1:0: [sdb] 20480 512-byte logical blocks: (10.5 MB/10.0 MiB)
[    8.564619] sd 2:0:1:0: [sdb] Write Protect is off
[    8.565299] sd 2:0:1:0: Attached scsi generic sg1 type 0
[    8.566089] sd 2:0:1:0: [sdb] Incomplete mode parameter data
[    8.567258] sd 2:0:1:0: [sdb] Assuming drive cache: write through
[    8.568942]  sda: sda1
[    8.569898] sd 2:0:0:0: [sda] Attached SCSI disk
[    8.571713] sd 2:0:1:0: [sdb] Attached SCSI disk
Begin: Loading essential drivers ... [    9.944722] raid6: sse2x1   gen() 14318 MB/s
[   10.000810] raid6: sse2x1   xor() 11361 MB/s
[   10.052562] raid6: sse2x2   gen() 17667 MB/s
[   10.100072] raid6: sse2x2   xor() 10691 MB/s
[   10.150473] raid6: sse2x4   gen() 18937 MB/s
[   10.206811] raid6: sse2x4   xor() 14290 MB/s
[   10.264695] raid6: avx2x1   gen() 32895 MB/s
[   10.320771] raid6: avx2x1   xor() 21595 MB/s
[   10.376600] raid6: avx2x2   gen() 36334 MB/s
[   10.432767] raid6: avx2x2   xor() 23507 MB/s
[   10.480315] raid6: avx2x4   gen() 33524 MB/s
[   10.528494] raid6: avx2x4   xor() 22441 MB/s
[   10.529153] raid6: using algorithm avx2x2 gen() 36334 MB/s
[   10.529854] raid6: .... xor() 23507 MB/s, rmw enabled
[   10.530509] raid6: using avx2x2 recovery algorithm
[   10.532258] xor: automatically using best checksumming function   avx       
[   10.534312] async_tx: api initialized (async)
done.
Begin: Running /scripts/init-premount ... done.
Begin: Mounting root file system ... Begin: Running /scripts/local-top ... done.
Begin: Running /scripts/local-premount ... [   10.571030] Btrfs loaded, crc32c=crc32c-intel
Scanning for Btrfs filesystems
done.
Warning: fsck not present, so skipping root file system
[   10.609458] EXT4-fs (sda1): INFO: recovery required on readonly filesystem
[   10.610328] EXT4-fs (sda1): write access will be enabled during recovery
[   10.635525] EXT4-fs (sda1): recovery complete
[   10.636685] EXT4-fs (sda1): mounted filesystem with ordered data mode. Opts: (null)
done.
Begin: Running /scripts/local-bottom ... done.
Begin: Running /scripts/init-bottom ... done.
[   10.774232] ip_tables: (C) 2000-2006 Netfilter Core Team
[   10.784077] systemd[1]: systemd 237 running in system mode. (+PAM +AUDIT +SELINUX +IMA +APPARMOR +SMACK +SYSVINIT +UTMP +LIBCRYPTSETUP +GCRYPT +GNUTLS +ACL +XZ +LZ4 +SECCOMP +BLKID +ELFUTILS +KMOD -IDN2 +IDN -PCRE2 default-hierarchy=hybrid)
[   10.787028] systemd[1]: Detected virtualization oracle.
[   10.787742] systemd[1]: Detected architecture x86-64.

Welcome to [1mUbuntu 18.04.5 LTS[0m!

[   11.480596] systemd[1]: Set hostname to <ubuntu-bionic>.
[   12.423295] systemd[1]: Created slice User and Session Slice.
[[0;32m  OK  [0m] Created slice User and Session Slice.
[   12.424912] systemd[1]: Reached target System Time Synchronized.
[[0;32m  OK  [0m] Reached target System Time Synchronized.
[   12.426494] systemd[1]: Reached target Swap.
[[0;32m  OK  [0m] Reached target Swap.
[   12.427767] systemd[1]: Reached target User and Group Name Lookups.
[[0;32m  OK  [0m] Reached target User and Group Name Lookups.
[   12.430204] systemd[1]: Created slice System Slice.
[[0;32m  OK  [0m] Created slice System Slice.
[   12.431744] systemd[1]: Listening on /dev/initctl Compatibility Named Pipe.
[[0;32m  OK  [0m] Listening on /dev/initctl Compatibility Named Pipe.
[[0;32m  OK  [0m] Listening on Network Service Netlink Socket.
[[0;32m  OK  [0m] Listening on Syslog Socket.
[[0;32m  OK  [0m] Listening on udev Kernel Socket.
[[0;32m  OK  [0m] Listening on LVM2 metadata daemon socket.
[[0;32m  OK  [0m] Listening on Journal Socket (/dev/log).
[[0;32m  OK  [0m] Listening on Journal Socket.
         Mounting Kernel Debug File System...
         Mounting POSIX Message Queue File System...
         Starting Set the console keyboard layout...
         Starting Uncomplicated firewall...
[[0;32m  OK  [0m] Listening on udev Control Socket.
         Starting udev Coldplug all Devices...
[[0;32m  OK  [0m] Listening on LVM2 poll daemon socket.
[[0;32m  OK  [0m] Listening on Journal Audit Socket.
         Starting Journal Service...
         Mounting Huge Pages File System...
[[0;32m  OK  [0m] Listening on Device-mapper event daemon FIFOs.
         Starting Monitoring of LVM2 mirrorsâ€¦ng dmeventd or progress polling...
[[0;32m  OK  [0m] Created slice system-serial\x2dgetty.slice.
         Starting Remount Root and Kernel File Systems...
         Starting Create list of required stâ€¦ce nodes for the current kernel...
[[0;32m  OK  [0m] Reached target Slices.
[[0;32m  OK  [0m] Set up automount Arbitrary Executabâ€¦rmats File System Automount Point.
         Starting Load Kernel Modules...
[[0;32m  OK  [0m] Started Forward Password Requests to Wall Directory Watch.
[[0;32m  OK  [0m] Mounted Kernel Debug File System.
[[0;32m  OK  [0m] Mounted POSIX Message Queue File System.
[[0;32m  OK  [0m] Started Uncomplicated firewall.
[[0;32m  OK  [0m] Mounted Huge Pages File System.
[[0;32m  OK  [0m] Started LVM2 metadata daemon.
[[0;32m  OK  [0m] Started Create list of required staâ€¦vice nodes for the current kernel.
[   12.567610] EXT4-fs (sda1): re-mounted. Opts: (null)
         Starting Create Static Device Nodes in /dev...
[   12.575684] Loading iSCSI transport class v2.0-870.
[[0;32m  OK  [0m] Started Remount Root and Kernel File Systems.
         Starting Load/Save Random Seed...
[[0;32m  OK  [0m] Started Journal Service.
[[0;32m  OK  [0m] Started Set the console keyboard layout.
[[0;32m  OK  [0m] Started udev Coldplug all Devices.
[   12.623465] iscsi: registered transport (tcp)
[[0;32m  OK  [0m] Started Create Static Device Nodes in /dev.
         Starting udev Kernel Device Manager...
         Starting Flush Journal to Persistent Storage...
[   12.645016] iscsi: registered transport (iser)
[[0;32m  OK  [0m] Started Load Kernel Modules.
         Mounting Kernel Configuration File System...
         Starting Apply Kernel Variables...
         Mounting FUSE Control File System...
[[0;32m  OK  [0m] Mounted Kernel Configuration File System.
[[0;32m  OK  [0m] Mounted FUSE Control File System.
[[0;32m  OK  [0m] Started Monitoring of LVM2 mirrors,â€¦sing dmeventd or progress polling.
[[0;32m  OK  [0m] Reached target Local File Systems (Pre).
[[0;32m  OK  [0m] Reached target Local File Systems.
         Starting QEMU KVM preparation - module, ksm, hugepages...
         Starting AppArmor initialization...
         Starting Enable support for additional executable binary formats...
         Starting Set console font and keymap...
         Starting ebtables ruleset management...
         Starting Tell Plymouth To Write Out Runtime Data...
[[0;32m  OK  [0m] Started Load/Save Random Seed.
[   12.703144] systemd-journald[419]: Received request to flush runtime journal from PID 1
         Mounting Arbitrary Executable File Formats File System...
[[0;32m  OK  [0m] Started Set console font and keymap.
[[0;32m  OK  [0m] Started udev Kernel Device Manager.
[[0;32m  OK  [0m] Started Dispatch Password Requests to Console Directory Watch.
[[0;32m  OK  [0m] Reached target Local Encrypted Volumes.
[[0;32m  OK  [0m] Started Tell Plymouth To Write Out Runtime Data.
[[0;32m  OK  [0m] Started Apply Kernel Variables.
[[0;32m  OK  [0m] Mounted Arbitrary Executable File Formats File System.
[[0;32m  OK  [0m] Started QEMU KVM preparation - module, ksm, hugepages.
[[0;32m  OK  [0m] Started Enable support for additional executable binary formats.
[[0;32m  OK  [0m] Started Flush Journal to Persistent Storage.
         Starting Create Volatile Files and Directories...
[[0;32m  OK  [0m] Started Create Volatile Files and Directories.
         Starting Update UTMP about System Boot/Shutdown...
[[0;32m  OK  [0m] Started ebtables ruleset management.
[[0;32m  OK  [0m] Started Update UTMP about System Boot/Shutdown.
[[0;32m  OK  [0m] Found device /dev/ttyS0.
[[0;32m  OK  [0m] Started AppArmor initialization.
         Starting Initial cloud-init job (pre-networking)...
         Starting Load AppArmor profiles managed internally by snapd...
[[0;32m  OK  [0m] Listening on Load/Save RF Kill Switch Status /dev/rfkill Watch.
[[0;32m  OK  [0m] Started Load AppArmor profiles managed internally by snapd.
[   14.629230] cloud-init[578]: Cloud-init v. 20.4-0ubuntu1~18.04.1 running 'init-local' at Sat, 09 Jan 2021 07:45:01 +0000. Up 14.46 seconds.
[[0;32m  OK  [0m] Started Initial cloud-init job (pre-networking).
[[0;32m  OK  [0m] Reached target Network (Pre).
         Starting Network Service...
[[0;32m  OK  [0m] Started Network Service.
         Starting Network Name Resolution...
         Starting Wait for Network to be Configured...
[[0;32m  OK  [0m] Started Network Name Resolution.
[[0;32m  OK  [0m] Reached target Network.
[[0;32m  OK  [0m] Reached target Host and Network Name Lookups.
[[0;32m  OK  [0m] Started Wait for Network to be Configured.
         Starting Initial cloud-init job (metadata service crawler)...
[   17.026064] cloud-init[696]: Cloud-init v. 20.4-0ubuntu1~18.04.1 running 'init' at Sat, 09 Jan 2021 07:45:03 +0000. Up 16.91 seconds.
[   17.029342] cloud-init[696]: ci-info: ++++++++++++++++++++++++++++++++++++++Net device info++++++++++++++++++++++++++++++++++++++
[   17.030566] cloud-init[696]: ci-info: +--------+------+----------------------------+---------------+--------+-------------------+
[   17.034028] cloud-init[696]: ci-info: | Device |  Up  |          Address           |      Mask     | Scope  |     Hw-Address    |
[   17.035183] cloud-init[696]: ci-info: +--------+------+----------------------------+---------------+--------+-------------------+
[   17.036677] cloud-init[696]: ci-info: | enp0s3 | True |         10.0.2.15          | 255.255.255.0 | global | 02:aa:88:9b:9c:f1 |
[   17.038079] cloud-init[696]: ci-info: | enp0s3 | True | fe80::aa:88ff:fe9b:9cf1/64 |       .       |  link  | 02:aa:88:9b:9c:f1 |
[   17.039537] cloud-init[696]: ci-info: |   lo   | True |         127.0.0.1          |   255.0.0.0   |  host  |         .         |
[   17.041043] cloud-init[696]: ci-info: |   lo   | True |          ::1/128           |       .       |  host  |         .         |
[   17.042577] cloud-init[696]: ci-info: +--------+------+----------------------------+---------------+--------+-------------------+
[   17.044004] cloud-init[696]: ci-info: ++++++++++++++++++++++++++++Route IPv4 info+++++++++++++++++++++++++++++
[   17.045430] cloud-init[696]: ci-info: +-------+-------------+----------+-----------------+-----------+-------+
[   17.046773] cloud-init[696]: ci-info: | Route | Destination | Gateway  |     Genmask     | Interface | Flags |
[   17.048048] cloud-init[696]: ci-info: +-------+-------------+----------+-----------------+-----------+-------+
[   17.049066] cloud-init[696]: ci-info: |   0   |   0.0.0.0   | 10.0.2.2 |     0.0.0.0     |   enp0s3  |   UG  |
[   17.050405] cloud-init[696]: ci-info: |   1   |   10.0.2.0  | 0.0.0.0  |  255.255.255.0  |   enp0s3  |   U   |
[   17.051388] cloud-init[696]: ci-info: |   2   |   10.0.2.2  | 0.0.0.0  | 255.255.255.255 |   enp0s3  |   UH  |
[   17.054601] cloud-init[696]: ci-info: +-------+-------------+----------+-----------------+-----------+-------+
[   17.055882] cloud-init[696]: ci-info: +++++++++++++++++++Route IPv6 info+++++++++++++++++++
[   17.057037] cloud-init[696]: ci-info: +-------+-------------+---------+-----------+-------+
[   17.058257] cloud-init[696]: ci-info: | Route | Destination | Gateway | Interface | Flags |
[   17.059395] cloud-init[696]: ci-info: +-------+-------------+---------+-----------+-------+
[   17.060544] cloud-init[696]: ci-info: |   1   |  fe80::/64  |    ::   |   enp0s3  |   U   |
[   17.061646] cloud-init[696]: ci-info: |   3   |    local    |    ::   |   enp0s3  |   U   |
[   17.062713] cloud-init[696]: ci-info: |   4   |   ff00::/8  |    ::   |   enp0s3  |   U   |
[   17.076424] cloud-init[696]: ci-info: +-------+-------------+---------+-----------+-------+
[[0;32m  OK  [0m] Started Initial cloud-init job (metadata service crawler).
[[0;32m  OK  [0m] Reached target Network is Online.
         Starting Availability of block devices...
[[0;32m  OK  [0m] Reached target Remote File Systems (Pre).
[[0;32m  OK  [0m] Reached target Remote File Systems.
[[0;32m  OK  [0m] Reached target Cloud-config availability.
[[0;32m  OK  [0m] Reached target System Initialization.
         Starting LXD - unix socket.
[[0;32m  OK  [0m] Listening on Open-iSCSI iscsid Socket.
[[0;32m  OK  [0m] Listening on UUID daemon activation socket.
[[0;32m  OK  [0m] Started Discard unused blocks once a week.
[[0;32m  OK  [0m] Started Daily Cleanup of Temporary Directories.
[[0;32m  OK  [0m] Listening on ACPID Listen Socket.
         Starting Socket activation for snappy daemon.
[[0;32m  OK  [0m] Started Message of the Day.
[[0;32m  OK  [0m] Started ACPI Events Check.
[[0;32m  OK  [0m] Reached target Paths.
[[0;32m  OK  [0m] Started Daily apt download activities.
[[0;32m  OK  [0m] Started Daily apt upgrade and clean activities.
[[0;32m  OK  [0m] Reached target Timers.
[[0;32m  OK  [0m] Listening on D-Bus System Message Bus Socket.
[[0;32m  OK  [0m] Started Availability of block devices.
[[0;32m  OK  [0m] Listening on LXD - unix socket.
[[0;32m  OK  [0m] Listening on Socket activation for snappy daemon.
[[0;32m  OK  [0m] Reached target Sockets.
[[0;32m  OK  [0m] Reached target Basic System.
         Starting Dispatcher daemon for systemd-networkd...
[[0;32m  OK  [0m] Started irqbalance daemon.
         Starting LSB: Record successful boot for GRUB...
         Starting Snap Daemon...
         Starting LSB: automatic crash report generation...
         Starting Permit User Sessions...
         Starting LXD - container startup/shutdown...
         Starting System Logging Service...
         Starting OpenBSD Secure Shell server...
         Starting Message of the Day...
[[0;32m  OK  [0m] Started FUSE filesystem for LXC.
         Starting Virtualbox guest utils...
         Starting Accounts Service...
         Starting Login Service...
[[0;32m  OK  [0m] Started Deferred execution scheduler.
[[0;32m  OK  [0m] Started Regular background program processing daemon.
[[0;32m  OK  [0m] Started D-Bus System Message Bus.
[[0;32m  OK  [0m] Started Login Service.
[[0;32m  OK  [0m] Started Unattended Upgrades Shutdown.
[[0;32m  OK  [0m] Started System Logging Service.
[[0;32m  OK  [0m] Started Permit User Sessions.
         Starting Hold until boot process finishes up...
         Starting Terminate Plymouth Boot Screen...
[[0;32m  OK  [0m] Started Hold until boot process finishes up.
[[0;32m  OK  [0m] Started Serial Getty on ttyS0.
         Starting Set console scheme...
[[0;32m  OK  [0m] Started OpenBSD Secure Shell server.
[[0;32m  OK  [0m] Started Terminate Plymouth Boot Screen.
[[0;32m  OK  [0m] Started Dispatcher daemon for systemd-networkd.
[[0;32m  OK  [0m] Started Set console scheme.
[[0;32m  OK  [0m] Started LSB: automatic crash report generation.
[[0;32m  OK  [0m] Created slice system-getty.slice.
[[0;32m  OK  [0m] Started Getty on tty1.
[[0;32m  OK  [0m] Reached target Login Prompts.
         Starting Authorization Manager...
[[0;32m  OK  [0m] Started LXD - container startup/shutdown.
[[0;32m  OK  [0m] Started Authorization Manager.
[[0;32m  OK  [0m] Started Accounts Service.
[[0;32m  OK  [0m] Started LSB: Record successful boot for GRUB.
[[0;32m  OK  [0m] Started Virtualbox guest utils.
[[0;32m  OK  [0m] Started Snap Daemon.
         Starting Wait until snapd is fully seeded...
[[0;32m  OK  [0m] Started Wait until snapd is fully seeded.
         Starting Apply the settings specified in cloud-config...
[[0;32m  OK  [0m] Reached target Multi-User System.
[[0;32m  OK  [0m] Reached target Graphical Interface.
         Starting Update UTMP about System Runlevel Changes...
[[0;32m  OK  [0m] Started Update UTMP about System Runlevel Changes.
[   18.558577] cloud-init[1144]: Cloud-init v. 20.4-0ubuntu1~18.04.1 running 'modules:config' at Sat, 09 Jan 2021 07:45:05 +0000. Up 18.48 seconds.
[[0;32m  OK  [0m] Started Apply the settings specified in cloud-config.
         Starting Execute cloud user/final scripts...
[   18.975314] cloud-init[1181]: Cloud-init v. 20.4-0ubuntu1~18.04.1 running 'modules:final' at Sat, 09 Jan 2021 07:45:05 +0000. Up 18.87 seconds.
[   18.976521] cloud-init[1181]: Cloud-init v. 20.4-0ubuntu1~18.04.1 finished at Sat, 09 Jan 2021 07:45:05 +0000. Datasource DataSourceNoCloud [seed=/dev/sdb][dsmode=net].  Up 18.97 seconds
[[0;32m  OK  [0m] Created slice User Slice of vagrant.
         Starting User Manager for UID 1000...
[[0;32m  OK  [0m] Started Session 1 of user vagrant.
[[0;32m  OK  [0m] Started Execute cloud user/final scripts.
[[0;32m  OK  [0m] Reached target Cloud-init target.
[[0;32m  OK  [0m] Started User Manager for UID 1000.
[[0;32m  OK  [0m] Started Message of the Day.

Ubuntu 18.04.5 LTS ubuntu-bionic ttyS0

ubuntu-bionic login: [[0;32m  OK  [0m] Closed Load/Save RF Kill Switch Status /dev/rfkill Watch.
         Stopping Availability of block devices...
         Stopping Session 6 of user vagrant.
[[0;32m  OK  [0m] Stopped target Timers.
         Stopping Authorization Manager...
         Stopping User Manager for UID 1000...
[[0;32m  OK  [0m] Stopped target Cloud-init target.
[[0;32m  OK  [0m] Stopped Execute cloud user/final scripts.
[[0;32m  OK  [0m] Stopped Apply the settings specified in cloud-config.
[[0;32m  OK  [0m] Stopped target Cloud-config availability.
[[0;32m  OK  [0m] Stopped Discard unused blocks once a week.
[[0;32m  OK  [0m] Stopped Daily apt upgrade and clean activities.
[[0;32m  OK  [0m] Stopped Daily apt download activities.
[[0;32m  OK  [0m] Stopped Daily Cleanup of Temporary Directories.
[[0;32m  OK  [0m] Stopped target Graphical Interface.
[[0;32m  OK  [0m] Stopped target Multi-User System.
         Stopping LXD - container startup/shutdown...
[[0;32m  OK  [0m] Stopped target Login Prompts.
         Stopping Serial Getty on ttyS0...
         Stopping D-Bus System Message Bus...
         Stopping System Logging Service...
[[0;32m  OK  [0m] Stopped Wait until snapd is fully seeded.
         Stopping LSB: automatic crash report generation...
         Stopping Deferred execution scheduler...
         Stopping FUSE filesystem for LXC...
         Stopping OpenBSD Secure Shell server...
         Stopping Dispatcher daemon for systemd-networkd...
         Stopping Virtualbox guest utils...
         Stopping Regular background program processing daemon...
         Stopping irqbalance daemon...
[[0;32m  OK  [0m] Stopped Message of the Day.
[[0;32m  OK  [0m] Stopped target System Time Synchronized.
         Stopping Getty on tty1...
[[0;32m  OK  [0m] Stopped target Host and Network Name Lookups.
[[0;32m  OK  [0m] Stopped target Network is Online.
         Stopping LSB: Record successful boot for GRUB...
         Stopping Accounts Service...
[[0;32m  OK  [0m] Stopped QEMU KVM preparation - module, ksm, hugepages.
         Stopping Unattended Upgrades Shutdown...
[[0;32m  OK  [0m] Unmounted /var/lib/lxcfs.
[[0;32m  OK  [0m] Stopped Dispatcher daemon for systemd-networkd.
[[0;32m  OK  [0m] Stopped irqbalance daemon.
[[0;32m  OK  [0m] Stopped System Logging Service.
[[0;32m  OK  [0m] Stopped Accounts Service.
[[0;32m  OK  [0m] Stopped Deferred execution scheduler.
[[0;32m  OK  [0m] Stopped Regular background program processing daemon.
[[0;32m  OK  [0m] Stopped Unattended Upgrades Shutdown.
[[0;32m  OK  [0m] Stopped OpenBSD Secure Shell server.
[[0;32m  OK  [0m] Stopped Serial Getty on ttyS0.
[[0;32m  OK  [0m] Stopped Getty on tty1.
[[0;32m  OK  [0m] Stopped Authorization Manager.
[[0;32m  OK  [0m] Stopped User Manager for UID 1000.
[[0;32m  OK  [0m] Stopped Availability of block devices.
[[0;32m  OK  [0m] Stopped D-Bus System Message Bus.
[[0;32m  OK  [0m] Stopped FUSE filesystem for LXC.
[[0;32m  OK  [0m] Stopped Session 6 of user vagrant.
[[0;32m  OK  [0m] Removed slice User Slice of vagrant.
[[0;32m  OK  [0m] Removed slice system-getty.slice.
         Stopping Permit User Sessions...
[[0;32m  OK  [0m] Removed slice system-serial\x2dgetty.slice.
         Stopping Login Service...
[[0;32m  OK  [0m] Stopped LXD - container startup/shutdown.
[[0;32m  OK  [0m] Stopped LSB: automatic crash report generation.
[[0;32m  OK  [0m] Stopped Virtualbox guest utils.
[[0;32m  OK  [0m] Stopped Permit User Sessions.
[[0;32m  OK  [0m] Stopped target Network.
         Stopping Network Name Resolution...
[[0;32m  OK  [0m] Stopped target Remote File Systems.
[[0;32m  OK  [0m] Stopped target Remote File Systems (Pre).
[[0;32m  OK  [0m] Stopped LSB: Record successful boot for GRUB.
[[0;32m  OK  [0m] Stopped Network Name Resolution.
[[0;32m  OK  [0m] Stopped Login Service.
[[0;32m  OK  [0m] Stopped target User and Group Name Lookups.
[[0;32m  OK  [0m] Stopped target Basic System.
[[0;32m  OK  [0m] Stopped target Sockets.
[[0;32m  OK  [0m] Closed ACPID Listen Socket.
[[0;32m  OK  [0m] Closed Syslog Socket.
[[0;32m  OK  [0m] Closed D-Bus System Message Bus Socket.
[[0;32m  OK  [0m] Closed UUID daemon activation socket.
[[0;32m  OK  [0m] Closed Open-iSCSI iscsid Socket.
[[0;32m  OK  [0m] Closed LXD - unix socket.
[[0;32m  OK  [0m] Closed Socket activation for snappy daemon.
[[0;32m  OK  [0m] Stopped target Slices.
[[0;32m  OK  [0m] Removed slice User and Session Slice.
[[0;32m  OK  [0m] Stopped target Paths.
[[0;32m  OK  [0m] Stopped ACPI Events Check.
[[0;32m  OK  [0m] Stopped target System Initialization.
[[0;32m  OK  [0m] Stopped Initial cloud-init job (metadata service crawler).
[[0;32m  OK  [0m] Stopped Wait for Network to be Configured.
         Stopping Network Service...
         Stopping Load/Save Random Seed...
[[0;32m  OK  [0m] Stopped target Local Encrypted Volumes.
[[0;32m  OK  [0m] Stopped Dispatch Password Requests to Console Directory Watch.
         Stopping Update UTMP about System Boot/Shutdown...
[[0;32m  OK  [0m] Stopped Forward Password Requests to Wall Directory Watch.
[[0;32m  OK  [0m] Stopped Load/Save Random Seed.
[[0;32m  OK  [0m] Stopped Update UTMP about System Boot/Shutdown.
[[0;32m  OK  [0m] Stopped Network Service.
[[0;32m  OK  [0m] Stopped target Network (Pre).
[[0;32m  OK  [0m] Stopped Initial cloud-init job (pre-networking).
[[0;32m  OK  [0m] Stopped Apply Kernel Variables.
[[0;32m  OK  [0m] Stopped Load Kernel Modules.
[[0;32m  OK  [0m] Stopped Create Volatile Files and Directories.
[[0;32m  OK  [0m] Stopped target Local File Systems.
         Unmounting /run/user/1000...
         Unmounting /home/vagrant/src...
[[0;32m  OK  [0m] Unmounted /run/user/1000.
[[0;32m  OK  [0m] Unmounted /home/vagrant/src.
[[0;32m  OK  [0m] Reached target Unmount All Filesystems.
[[0;32m  OK  [0m] Stopped target Swap.
[[0;32m  OK  [0m] Stopped target Local File Systems (Pre).
[[0;32m  OK  [0m] Stopped Create Static Device Nodes in /dev.
[[0;32m  OK  [0m] Stopped Remount Root and Kernel File Systems.
[[0;32m  OK  [0m] Reached target Shutdown.
[[0;32m  OK  [0m] Reached target Final Step.
         Starting Power-Off...
         Stopping Monitoring of LVM2 mirrorsâ€¦ng dmeventd or progress polling...
[  498.602003] reboot: Power down
